============================= test session starts =============================
platform win32 -- Python 3.12.4, pytest-9.0.1, pluggy-1.6.0 -- C:\Users\User\AppData\Local\Programs\Python\Python312\python.exe
cachedir: .pytest_cache
rootdir: C:\Users\User\Desktop\Python\SpaceManager\backend
configfile: pyproject.toml
plugins: anyio-4.12.0, asyncio-1.3.0
asyncio: mode=Mode.AUTO, debug=False, asyncio_default_fixture_loop_scope=None, asyncio_default_test_loop_scope=function
collecting ... collected 1 item

tests/test_spaces.py::test_create_space FAILED                           [100%]

================================== FAILURES ===================================
______________________________ test_create_space ______________________________
tests\test_spaces.py:7: in test_create_space
    response = await client.post(
..\..\..\..\AppData\Local\Programs\Python\Python312\Lib\site-packages\httpx\_client.py:1859: in post
    return await self.request(
..\..\..\..\AppData\Local\Programs\Python\Python312\Lib\site-packages\httpx\_client.py:1540: in request
    return await self.send(request, auth=auth, follow_redirects=follow_redirects)
           ^^^^^^^^^^^^^^^^^^^^^^^^^^^^^^^^^^^^^^^^^^^^^^^^^^^^^^^^^^^^^^^^^^^^^^
..\..\..\..\AppData\Local\Programs\Python\Python312\Lib\site-packages\httpx\_client.py:1629: in send
    response = await self._send_handling_auth(
..\..\..\..\AppData\Local\Programs\Python\Python312\Lib\site-packages\httpx\_client.py:1657: in _send_handling_auth
    response = await self._send_handling_redirects(
..\..\..\..\AppData\Local\Programs\Python\Python312\Lib\site-packages\httpx\_client.py:1694: in _send_handling_redirects
    response = await self._send_single_request(request)
               ^^^^^^^^^^^^^^^^^^^^^^^^^^^^^^^^^^^^^^^^
..\..\..\..\AppData\Local\Programs\Python\Python312\Lib\site-packages\httpx\_client.py:1730: in _send_single_request
    response = await transport.handle_async_request(request)
               ^^^^^^^^^^^^^^^^^^^^^^^^^^^^^^^^^^^^^^^^^^^^^
..\..\..\..\AppData\Local\Programs\Python\Python312\Lib\site-packages\httpx\_transports\asgi.py:170: in handle_async_request
    await self.app(scope, receive, send)
..\..\..\..\AppData\Local\Programs\Python\Python312\Lib\site-packages\fastapi\applications.py:1134: in __call__
    await super().__call__(scope, receive, send)
..\..\..\..\AppData\Local\Programs\Python\Python312\Lib\site-packages\starlette\applications.py:107: in __call__
    await self.middleware_stack(scope, receive, send)
..\..\..\..\AppData\Local\Programs\Python\Python312\Lib\site-packages\starlette\middleware\errors.py:186: in __call__
    raise exc
..\..\..\..\AppData\Local\Programs\Python\Python312\Lib\site-packages\starlette\middleware\errors.py:164: in __call__
    await self.app(scope, receive, _send)
..\..\..\..\AppData\Local\Programs\Python\Python312\Lib\site-packages\starlette\middleware\base.py:191: in __call__
    with recv_stream, send_stream, collapse_excgroups():
..\..\..\..\AppData\Local\Programs\Python\Python312\Lib\contextlib.py:158: in __exit__
    self.gen.throw(value)
..\..\..\..\AppData\Local\Programs\Python\Python312\Lib\site-packages\starlette\_utils.py:85: in collapse_excgroups
    raise exc
..\..\..\..\AppData\Local\Programs\Python\Python312\Lib\site-packages\starlette\middleware\base.py:193: in __call__
    response = await self.dispatch_func(request, call_next)
               ^^^^^^^^^^^^^^^^^^^^^^^^^^^^^^^^^^^^^^^^^^^^
app\middleware\tenant.py:50: in dispatch
    response = await call_next(request)
               ^^^^^^^^^^^^^^^^^^^^^^^^
..\..\..\..\AppData\Local\Programs\Python\Python312\Lib\site-packages\starlette\middleware\base.py:168: in call_next
    raise app_exc from app_exc.__cause__ or app_exc.__context__
..\..\..\..\AppData\Local\Programs\Python\Python312\Lib\site-packages\starlette\middleware\base.py:144: in coro
    await self.app(scope, receive_or_disconnect, send_no_error)
..\..\..\..\AppData\Local\Programs\Python\Python312\Lib\site-packages\starlette\middleware\cors.py:85: in __call__
    await self.app(scope, receive, send)
..\..\..\..\AppData\Local\Programs\Python\Python312\Lib\site-packages\starlette\middleware\exceptions.py:63: in __call__
    await wrap_app_handling_exceptions(self.app, conn)(scope, receive, send)
..\..\..\..\AppData\Local\Programs\Python\Python312\Lib\site-packages\starlette\_exception_handler.py:53: in wrapped_app
    raise exc
..\..\..\..\AppData\Local\Programs\Python\Python312\Lib\site-packages\starlette\_exception_handler.py:42: in wrapped_app
    await app(scope, receive, sender)
..\..\..\..\AppData\Local\Programs\Python\Python312\Lib\site-packages\fastapi\middleware\asyncexitstack.py:18: in __call__
    await self.app(scope, receive, send)
..\..\..\..\AppData\Local\Programs\Python\Python312\Lib\site-packages\starlette\routing.py:716: in __call__
    await self.middleware_stack(scope, receive, send)
..\..\..\..\AppData\Local\Programs\Python\Python312\Lib\site-packages\starlette\routing.py:736: in app
    await route.handle(scope, receive, send)
..\..\..\..\AppData\Local\Programs\Python\Python312\Lib\site-packages\starlette\routing.py:290: in handle
    await self.app(scope, receive, send)
..\..\..\..\AppData\Local\Programs\Python\Python312\Lib\site-packages\fastapi\routing.py:125: in app
    await wrap_app_handling_exceptions(app, request)(scope, receive, send)
..\..\..\..\AppData\Local\Programs\Python\Python312\Lib\site-packages\starlette\_exception_handler.py:53: in wrapped_app
    raise exc
..\..\..\..\AppData\Local\Programs\Python\Python312\Lib\site-packages\starlette\_exception_handler.py:42: in wrapped_app
    await app(scope, receive, sender)
..\..\..\..\AppData\Local\Programs\Python\Python312\Lib\site-packages\fastapi\routing.py:111: in app
    response = await f(request)
               ^^^^^^^^^^^^^^^^
..\..\..\..\AppData\Local\Programs\Python\Python312\Lib\site-packages\fastapi\routing.py:424: in app
    response = actual_response_class(content, **response_args)
               ^^^^^^^^^^^^^^^^^^^^^^^^^^^^^^^^^^^^^^^^^^^^^^^
..\..\..\..\AppData\Local\Programs\Python\Python312\Lib\site-packages\starlette\responses.py:189: in __init__
    super().__init__(content, status_code, headers, media_type, background)
..\..\..\..\AppData\Local\Programs\Python\Python312\Lib\site-packages\starlette\responses.py:46: in __init__
    self.body = self.render(content)
                ^^^^^^^^^^^^^^^^^^^^
..\..\..\..\AppData\Local\Programs\Python\Python312\Lib\site-packages\fastapi\responses.py:45: in render
    assert orjson is not None, "orjson must be installed to use ORJSONResponse"
           ^^^^^^^^^^^^^^^^^^
E   AssertionError: orjson must be installed to use ORJSONResponse
---------------------------- Captured stdout call -----------------------------
2025-11-29 18:26:36,285 INFO sqlalchemy.engine.Engine select pg_catalog.version()
2025-11-29 18:26:36,285 INFO sqlalchemy.engine.Engine [raw sql] ()
2025-11-29 18:26:36,288 INFO sqlalchemy.engine.Engine select current_schema()
2025-11-29 18:26:36,288 INFO sqlalchemy.engine.Engine [raw sql] ()
2025-11-29 18:26:36,291 INFO sqlalchemy.engine.Engine show standard_conforming_strings
2025-11-29 18:26:36,291 INFO sqlalchemy.engine.Engine [raw sql] ()
2025-11-29 18:26:36,293 INFO sqlalchemy.engine.Engine BEGIN (implicit)
2025-11-29 18:26:36,293 INFO sqlalchemy.engine.Engine SELECT schema_name FROM public.organizations WHERE id = $1
2025-11-29 18:26:36,294 INFO sqlalchemy.engine.Engine [generated in 0.00033s] (13,)
2025-11-29 18:26:36,298 INFO sqlalchemy.engine.Engine ROLLBACK
2025-11-29 18:26:36,302 INFO sqlalchemy.engine.Engine BEGIN (implicit)
2025-11-29 18:26:36,302 INFO sqlalchemy.engine.Engine SELECT schema_name FROM public.organizations WHERE id = $1
2025-11-29 18:26:36,302 INFO sqlalchemy.engine.Engine [cached since 0.009103s ago] (13,)
2025-11-29 18:26:36,304 INFO sqlalchemy.engine.Engine ROLLBACK
------------------------------ Captured log call ------------------------------
INFO     sqlalchemy.engine.Engine:base.py:1846 select pg_catalog.version()
INFO     sqlalchemy.engine.Engine:base.py:1846 [raw sql] ()
INFO     sqlalchemy.engine.Engine:base.py:1846 select current_schema()
INFO     sqlalchemy.engine.Engine:base.py:1846 [raw sql] ()
INFO     sqlalchemy.engine.Engine:base.py:1846 show standard_conforming_strings
INFO     sqlalchemy.engine.Engine:base.py:1846 [raw sql] ()
INFO     sqlalchemy.engine.Engine:base.py:2702 BEGIN (implicit)
INFO     sqlalchemy.engine.Engine:base.py:1846 SELECT schema_name FROM public.organizations WHERE id = $1
INFO     sqlalchemy.engine.Engine:base.py:1846 [generated in 0.00033s] (13,)
INFO     sqlalchemy.engine.Engine:base.py:2705 ROLLBACK
INFO     sqlalchemy.engine.Engine:base.py:2702 BEGIN (implicit)
INFO     sqlalchemy.engine.Engine:base.py:1846 SELECT schema_name FROM public.organizations WHERE id = $1
INFO     sqlalchemy.engine.Engine:base.py:1846 [cached since 0.009103s ago] (13,)
INFO     sqlalchemy.engine.Engine:base.py:2705 ROLLBACK
============================== warnings summary ===============================
app\schemas\org.py:11
  C:\Users\User\Desktop\Python\SpaceManager\backend\app\schemas\org.py:11: PydanticDeprecatedSince20: Support for class-based `config` is deprecated, use ConfigDict instead. Deprecated in Pydantic V2.0 to be removed in V3.0. See Pydantic V2 Migration Guide at https://errors.pydantic.dev/2.12/migration/
    class OrganizationResponse(OrganizationBase):

app\schemas\org.py:19
  C:\Users\User\Desktop\Python\SpaceManager\backend\app\schemas\org.py:19: PydanticDeprecatedSince20: Support for class-based `config` is deprecated, use ConfigDict instead. Deprecated in Pydantic V2.0 to be removed in V3.0. See Pydantic V2 Migration Guide at https://errors.pydantic.dev/2.12/migration/
    class OrganizationMemberResponse(BaseModel):

app\main.py:54
  C:\Users\User\Desktop\Python\SpaceManager\backend\app\main.py:54: DeprecationWarning: 
          on_event is deprecated, use lifespan event handlers instead.
  
          Read more about it in the
          [FastAPI docs for Lifespan Events](https://fastapi.tiangolo.com/advanced/events/).
          
    @app.on_event("startup")

..\..\..\..\AppData\Local\Programs\Python\Python312\Lib\site-packages\fastapi\applications.py:4575
..\..\..\..\AppData\Local\Programs\Python\Python312\Lib\site-packages\fastapi\applications.py:4575
  C:\Users\User\AppData\Local\Programs\Python\Python312\Lib\site-packages\fastapi\applications.py:4575: DeprecationWarning: 
          on_event is deprecated, use lifespan event handlers instead.
  
          Read more about it in the
          [FastAPI docs for Lifespan Events](https://fastapi.tiangolo.com/advanced/events/).
          
    return self.router.on_event(event_type)

app\main.py:62
  C:\Users\User\Desktop\Python\SpaceManager\backend\app\main.py:62: DeprecationWarning: 
          on_event is deprecated, use lifespan event handlers instead.
  
          Read more about it in the
          [FastAPI docs for Lifespan Events](https://fastapi.tiangolo.com/advanced/events/).
          
    @app.on_event("shutdown")

tests/test_spaces.py::test_create_space
tests/test_spaces.py::test_create_space
tests/test_spaces.py::test_create_space
tests/test_spaces.py::test_create_space
tests/test_spaces.py::test_create_space
tests/test_spaces.py::test_create_space
tests/test_spaces.py::test_create_space
tests/test_spaces.py::test_create_space
  C:\Users\User\AppData\Local\Programs\Python\Python312\Lib\site-packages\sqlalchemy\sql\schema.py:3624: DeprecationWarning: datetime.datetime.utcnow() is deprecated and scheduled for removal in a future version. Use timezone-aware objects to represent datetimes in UTC: datetime.datetime.now(datetime.UTC).
    return util.wrap_callable(lambda ctx: fn(), fn)  # type: ignore

tests/test_spaces.py::test_create_space
  C:\Users\User\Desktop\Python\SpaceManager\backend\app\core\security.py:13: DeprecationWarning: datetime.datetime.utcnow() is deprecated and scheduled for removal in a future version. Use timezone-aware objects to represent datetimes in UTC: datetime.datetime.now(datetime.UTC).
    expire = datetime.utcnow() + timedelta(

-- Docs: https://docs.pytest.org/en/stable/how-to/capture-warnings.html
=========================== short test summary info ===========================
FAILED tests/test_spaces.py::test_create_space - AssertionError: orjson must ...
======================= 1 failed, 15 warnings in 0.69s ========================
